go : # gaiol/internal/
reasoning [gaiol/inter
nal/reasoning.test]
At line:1 char:1
+ go test -c 
./internal/reasoning 
2>&1 > 
test_errors.txt; 
Get-Content t ...
+ ~~~~~~~~~~~~~~~~~~~~
~~~~~~~~~~~~~~~~~~~~~~
~~~~~~~~~~~~
    + CategoryInfo    
          : 
NotSpecified    : (# 
gaiol/interna.    
..reasoning.test]:S   
 tring) [], RemoteEx  
  ception
    + 
FullyQualifiedErr    
orId : NativeComman   
 dError
 
internal\reasoning\orc
hestrator_test.go:37:9
: 
router.fixedResponse 
undefined (type 
*models.ModelRouter 
has no field or 
method fixedResponse)
internal\reasoning\orc
hestrator_test.go:118:
9: 
router.responseDelay 
undefined (type 
*models.ModelRouter 
has no field or 
method responseDelay)
internal\reasoning\orc
hestrator_test.go:161:
9: router.shouldFail 
undefined (type 
*models.ModelRouter 
has no field or 
method shouldFail)
internal\reasoning\orc
hestrator_test.go:221:
9: router.shouldFail 
undefined (type 
*models.ModelRouter 
has no field or 
method shouldFail)
internal\reasoning\orc
hestrator_test.go:225:
9: router.shouldFail 
undefined (type 
*models.ModelRouter 
has no field or 
method shouldFail)
internal\reasoning\orc
hestrator_test.go:243:
9: 
router.fixedResponse 
undefined (type 
*models.ModelRouter 
has no field or 
method fixedResponse)
internal\reasoning\orc
hestrator_test.go:295:
9: 
router.fixedResponse 
undefined (type 
*models.ModelRouter 
has no field or 
method fixedResponse)
